====> BPX Main Header <====
Type: P
Version: 1
File size: 1632
Number of sections: 2
====> End <====

====> BPX Section Header Table <====
Section #0:
	Type: 255
	Size (after compression): 15
	Size: 15
	Flags:  CheckWeak
Section #1:
	Type: 1
	Size (after compression): 1529
	Size: 1529
	Flags:  CheckWeak
====> End <====

