====> BPX Main Header <====
Type: P
Version: 1
File size: 1632
Number of sections: 2
====> End <====

4C 49 43 45 4E 53 45 5F 4C 46 2E 74 78 74 00 
